// Vitest Snapshot v1, https://vitest.dev/guide/snapshot.html

exports[`Material breadcrumb-theme bridge baseline > v0 light: resolved --cngx-* declarations match the baseline 1`] = `
{
  "--cngx-breadcrumb-current-color": "rgba(0, 0, 0, 0.87)",
  "--cngx-breadcrumb-link-color": "#3f51b5",
  "--cngx-breadcrumb-overflow-item-color": "rgba(0, 0, 0, 0.6)",
  "--cngx-breadcrumb-overflow-item-hover-bg": "color-mix(in srgb, currentColor 8%, transparent)",
  "--cngx-breadcrumb-overflow-item-hover-color": "rgba(0, 0, 0, 0.87)",
  "--cngx-breadcrumb-overflow-trigger-bg": "white",
  "--cngx-breadcrumb-overflow-trigger-border": "rgba(0, 0, 0, 0.12)",
  "--cngx-breadcrumb-overflow-trigger-color": "rgba(0, 0, 0, 0.6)",
  "--cngx-breadcrumb-overflow-trigger-hover-bg": "color-mix(in srgb, #3f51b5 12%, transparent)",
  "--cngx-breadcrumb-overflow-trigger-hover-border": "#3f51b5",
  "--cngx-breadcrumb-overflow-trigger-hover-color": "#3f51b5",
  "--cngx-breadcrumb-separator-color": "rgba(0, 0, 0, 0.6)",
  "--cngx-breadcrumb-siblings-item-color": "rgba(0, 0, 0, 0.6)",
  "--cngx-breadcrumb-siblings-item-current-color": "#3f51b5",
  "--cngx-breadcrumb-siblings-item-hover-bg": "color-mix(in srgb, currentColor 8%, transparent)",
  "--cngx-breadcrumb-siblings-item-hover-color": "rgba(0, 0, 0, 0.87)",
  "--cngx-breadcrumb-siblings-link-color": "#3f51b5",
  "--cngx-breadcrumb-siblings-trigger-color": "rgba(0, 0, 0, 0.6)",
  "--cngx-breadcrumb-siblings-trigger-hover-bg": "color-mix(in srgb, currentColor 8%, transparent)",
  "--cngx-breadcrumb-siblings-trigger-hover-color": "rgba(0, 0, 0, 0.87)",
  "--cngx-breadcrumb-siblings-trigger-open-bg": "color-mix(in srgb, #3f51b5 12%, transparent)",
  "--cngx-breadcrumb-siblings-trigger-open-color": "#3f51b5",
}
`;

exports[`Material breadcrumb-theme bridge baseline > v1 dark: resolved --cngx-* declarations match the baseline 1`] = `
{
  "--cngx-breadcrumb-current-color": "var(--mat-sys-on-surface)",
  "--cngx-breadcrumb-link-color": "var(--mat-sys-primary)",
  "--cngx-breadcrumb-overflow-item-color": "var(--mat-sys-on-surface-variant)",
  "--cngx-breadcrumb-overflow-item-hover-bg": "color-mix(in srgb, var(--mat-sys-on-surface) 8%, transparent)",
  "--cngx-breadcrumb-overflow-item-hover-color": "var(--mat-sys-on-surface)",
  "--cngx-breadcrumb-overflow-trigger-bg": "var(--mat-sys-surface-container)",
  "--cngx-breadcrumb-overflow-trigger-border": "var(--mat-sys-outline-variant)",
  "--cngx-breadcrumb-overflow-trigger-color": "var(--mat-sys-on-surface-variant)",
  "--cngx-breadcrumb-overflow-trigger-hover-bg": "color-mix(in srgb, var(--mat-sys-primary) 12%, transparent)",
  "--cngx-breadcrumb-overflow-trigger-hover-border": "var(--mat-sys-primary)",
  "--cngx-breadcrumb-overflow-trigger-hover-color": "var(--mat-sys-primary)",
  "--cngx-breadcrumb-separator-color": "var(--mat-sys-on-surface-variant)",
  "--cngx-breadcrumb-siblings-item-color": "var(--mat-sys-on-surface-variant)",
  "--cngx-breadcrumb-siblings-item-current-color": "var(--mat-sys-primary)",
  "--cngx-breadcrumb-siblings-item-hover-bg": "color-mix(in srgb, var(--mat-sys-on-surface) 8%, transparent)",
  "--cngx-breadcrumb-siblings-item-hover-color": "var(--mat-sys-on-surface)",
  "--cngx-breadcrumb-siblings-link-color": "var(--mat-sys-primary)",
  "--cngx-breadcrumb-siblings-trigger-color": "var(--mat-sys-on-surface-variant)",
  "--cngx-breadcrumb-siblings-trigger-hover-bg": "color-mix(in srgb, var(--mat-sys-on-surface) 8%, transparent)",
  "--cngx-breadcrumb-siblings-trigger-hover-color": "var(--mat-sys-on-surface)",
  "--cngx-breadcrumb-siblings-trigger-open-bg": "color-mix(in srgb, var(--mat-sys-primary) 12%, transparent)",
  "--cngx-breadcrumb-siblings-trigger-open-color": "var(--mat-sys-primary)",
}
`;

exports[`Material breadcrumb-theme bridge baseline > v1 light: resolved --cngx-* declarations match the baseline 1`] = `
{
  "--cngx-breadcrumb-current-color": "var(--mat-sys-on-surface)",
  "--cngx-breadcrumb-link-color": "var(--mat-sys-primary)",
  "--cngx-breadcrumb-overflow-item-color": "var(--mat-sys-on-surface-variant)",
  "--cngx-breadcrumb-overflow-item-hover-bg": "color-mix(in srgb, var(--mat-sys-on-surface) 8%, transparent)",
  "--cngx-breadcrumb-overflow-item-hover-color": "var(--mat-sys-on-surface)",
  "--cngx-breadcrumb-overflow-trigger-bg": "var(--mat-sys-surface-container)",
  "--cngx-breadcrumb-overflow-trigger-border": "var(--mat-sys-outline-variant)",
  "--cngx-breadcrumb-overflow-trigger-color": "var(--mat-sys-on-surface-variant)",
  "--cngx-breadcrumb-overflow-trigger-hover-bg": "color-mix(in srgb, var(--mat-sys-primary) 12%, transparent)",
  "--cngx-breadcrumb-overflow-trigger-hover-border": "var(--mat-sys-primary)",
  "--cngx-breadcrumb-overflow-trigger-hover-color": "var(--mat-sys-primary)",
  "--cngx-breadcrumb-separator-color": "var(--mat-sys-on-surface-variant)",
  "--cngx-breadcrumb-siblings-item-color": "var(--mat-sys-on-surface-variant)",
  "--cngx-breadcrumb-siblings-item-current-color": "var(--mat-sys-primary)",
  "--cngx-breadcrumb-siblings-item-hover-bg": "color-mix(in srgb, var(--mat-sys-on-surface) 8%, transparent)",
  "--cngx-breadcrumb-siblings-item-hover-color": "var(--mat-sys-on-surface)",
  "--cngx-breadcrumb-siblings-link-color": "var(--mat-sys-primary)",
  "--cngx-breadcrumb-siblings-trigger-color": "var(--mat-sys-on-surface-variant)",
  "--cngx-breadcrumb-siblings-trigger-hover-bg": "color-mix(in srgb, var(--mat-sys-on-surface) 8%, transparent)",
  "--cngx-breadcrumb-siblings-trigger-hover-color": "var(--mat-sys-on-surface)",
  "--cngx-breadcrumb-siblings-trigger-open-bg": "color-mix(in srgb, var(--mat-sys-primary) 12%, transparent)",
  "--cngx-breadcrumb-siblings-trigger-open-color": "var(--mat-sys-primary)",
}
`;
