// Vitest Snapshot v1, https://vitest.dev/guide/snapshot.html

exports[`Material breadcrumb-theme bridge baseline > v0 light: resolved --cngx-* declarations match the baseline 1`] = `
{
  "--cngx-breadcrumb-contained-bg": "white",
  "--cngx-breadcrumb-contained-border-color": "rgba(0, 0, 0, 0.12)",
  "--cngx-breadcrumb-current-color": "rgba(0, 0, 0, 0.87)",
  "--cngx-breadcrumb-gap": "0.5rem",
  "--cngx-breadcrumb-link-color": "#3f51b5",
  "--cngx-breadcrumb-overflow-item-hover-bg": "color-mix(in srgb, currentColor 8%, transparent)",
  "--cngx-breadcrumb-overflow-trigger-color": "rgba(0, 0, 0, 0.6)",
  "--cngx-breadcrumb-pill-bg": "white",
  "--cngx-breadcrumb-separator-color": "rgba(0, 0, 0, 0.6)",
  "--cngx-breadcrumb-siblings-item-hover-bg": "color-mix(in srgb, currentColor 8%, transparent)",
  "--cngx-breadcrumb-siblings-link-color": "#3f51b5",
  "--cngx-breadcrumb-siblings-trigger-color": "rgba(0, 0, 0, 0.6)",
}
`;

exports[`Material breadcrumb-theme bridge baseline > v1 dark: resolved --cngx-* declarations match the baseline 1`] = `
{
  "--cngx-breadcrumb-contained-bg": "var(--mat-sys-surface-container)",
  "--cngx-breadcrumb-contained-border-color": "var(--mat-sys-outline-variant)",
  "--cngx-breadcrumb-current-color": "var(--mat-sys-on-surface)",
  "--cngx-breadcrumb-gap": "0.5rem",
  "--cngx-breadcrumb-link-color": "var(--mat-sys-primary)",
  "--cngx-breadcrumb-overflow-item-hover-bg": "color-mix(in srgb, var(--mat-sys-on-surface) 8%, transparent)",
  "--cngx-breadcrumb-overflow-trigger-color": "var(--mat-sys-on-surface-variant)",
  "--cngx-breadcrumb-pill-bg": "var(--mat-sys-surface-container)",
  "--cngx-breadcrumb-separator-color": "var(--mat-sys-on-surface-variant)",
  "--cngx-breadcrumb-siblings-item-hover-bg": "color-mix(in srgb, var(--mat-sys-on-surface) 8%, transparent)",
  "--cngx-breadcrumb-siblings-link-color": "var(--mat-sys-primary)",
  "--cngx-breadcrumb-siblings-trigger-color": "var(--mat-sys-on-surface-variant)",
}
`;

exports[`Material breadcrumb-theme bridge baseline > v1 light: resolved --cngx-* declarations match the baseline 1`] = `
{
  "--cngx-breadcrumb-contained-bg": "var(--mat-sys-surface-container)",
  "--cngx-breadcrumb-contained-border-color": "var(--mat-sys-outline-variant)",
  "--cngx-breadcrumb-current-color": "var(--mat-sys-on-surface)",
  "--cngx-breadcrumb-gap": "0.5rem",
  "--cngx-breadcrumb-link-color": "var(--mat-sys-primary)",
  "--cngx-breadcrumb-overflow-item-hover-bg": "color-mix(in srgb, var(--mat-sys-on-surface) 8%, transparent)",
  "--cngx-breadcrumb-overflow-trigger-color": "var(--mat-sys-on-surface-variant)",
  "--cngx-breadcrumb-pill-bg": "var(--mat-sys-surface-container)",
  "--cngx-breadcrumb-separator-color": "var(--mat-sys-on-surface-variant)",
  "--cngx-breadcrumb-siblings-item-hover-bg": "color-mix(in srgb, var(--mat-sys-on-surface) 8%, transparent)",
  "--cngx-breadcrumb-siblings-link-color": "var(--mat-sys-primary)",
  "--cngx-breadcrumb-siblings-trigger-color": "var(--mat-sys-on-surface-variant)",
}
`;
