// Vitest Snapshot v1, https://vitest.dev/guide/snapshot.html

exports[`Material tabs-theme bridge baseline > v0 light: resolved --cngx-* declarations match the baseline 1`] = `
{
  "--cngx-color-border": "rgba(0, 0, 0, 0.12)",
  "--cngx-color-primary": "#3f51b5",
  "--cngx-color-surface": "white",
  "--cngx-mat-tab-error-color": "#f44336",
  "--cngx-mat-tab-has-errors-color": "#f44336",
  "--cngx-tab-active-color": "#3f51b5",
  "--cngx-tab-busy-spinner-color": "#3f51b5",
  "--cngx-tab-error-badge-color": "#f44336",
  "--cngx-tab-error-badge-text-color": "oklch(1 0 0)",
  "--cngx-tab-gap": "0.5rem",
  "--cngx-tab-overflow-item-active-bg": "color-mix(in srgb, currentColor 12%, transparent)",
  "--cngx-tab-overflow-item-active-outline": "2px solid #3f51b5",
  "--cngx-tab-overflow-item-hover-bg": "color-mix(in srgb, currentColor 8%, transparent)",
  "--cngx-tab-overflow-item-padding": "0.5rem 1rem",
  "--cngx-tab-overflow-popover-bg": "white",
  "--cngx-tab-overflow-popover-border": "0",
  "--cngx-tab-overflow-popover-padding": "0.5rem 0",
  "--cngx-tab-overflow-popover-radius": "4px",
  "--cngx-tab-padding": "0.5rem 0.75rem",
  "--cngx-tab-rejected-bg": "rgba(244, 67, 54, 0.12)",
  "--cngx-tab-rejection-icon-color": "#f44336",
  "--cngx-tab-rejection-icon-text": "oklch(1 0 0)",
  "--cngx-tab-strip-padding": "0.5rem 0",
}
`;

exports[`Material tabs-theme bridge baseline > v1 dark: resolved --cngx-* declarations match the baseline 1`] = `
{
  "--cngx-color-border": "var(--mat-sys-outline-variant)",
  "--cngx-color-on-primary": "var(--mat-sys-on-primary)",
  "--cngx-color-primary": "var(--mat-sys-primary)",
  "--cngx-color-surface": "var(--mat-sys-surface)",
  "--cngx-mat-tab-error-color": "var(--mat-sys-error)",
  "--cngx-mat-tab-has-errors-color": "var(--mat-sys-error)",
  "--cngx-mat-tab-has-errors-glyph-color": "var(--mat-sys-on-error)",
  "--cngx-mat-tabs-more-bg": "var(--mat-sys-surface)",
  "--cngx-tab-active-color": "var(--mat-sys-primary)",
  "--cngx-tab-busy-spinner-color": "var(--mat-sys-primary)",
  "--cngx-tab-color": "var(--mat-sys-on-surface-variant)",
  "--cngx-tab-error-badge-color": "var(--mat-sys-error)",
  "--cngx-tab-error-badge-font-size": "var(--mat-sys-label-small-size)",
  "--cngx-tab-error-badge-font-weight": "var(--mat-sys-label-small-weight)",
  "--cngx-tab-error-badge-text-color": "var(--mat-sys-on-error)",
  "--cngx-tab-gap": "0.5rem",
  "--cngx-tab-hover-color": "var(--mat-sys-on-surface)",
  "--cngx-tab-overflow-item-active-bg": "color-mix(in srgb, var(--mat-sys-on-surface) 12%, transparent)",
  "--cngx-tab-overflow-item-active-outline": "2px solid var(--mat-sys-primary)",
  "--cngx-tab-overflow-item-hover-bg": "color-mix(in srgb, var(--mat-sys-on-surface) 8%, transparent)",
  "--cngx-tab-overflow-item-padding": "0.5rem 1rem",
  "--cngx-tab-overflow-popover-bg": "var(--mat-sys-surface-container)",
  "--cngx-tab-overflow-popover-border": "0",
  "--cngx-tab-overflow-popover-padding": "0.5rem 0",
  "--cngx-tab-overflow-popover-radius": "var(--mat-sys-corner-extra-small, 4px)",
  "--cngx-tab-padding": "0.5rem 0.75rem",
  "--cngx-tab-rejected-bg": "color-mix(in oklab, var(--mat-sys-error) 12%, transparent)",
  "--cngx-tab-rejection-icon-color": "var(--mat-sys-error)",
  "--cngx-tab-rejection-icon-font-size": "var(--mat-sys-label-small-size)",
  "--cngx-tab-rejection-icon-text": "var(--mat-sys-on-error)",
  "--cngx-tab-strip-padding": "0.5rem 0",
}
`;

exports[`Material tabs-theme bridge baseline > v1 light: resolved --cngx-* declarations match the baseline 1`] = `
{
  "--cngx-color-border": "var(--mat-sys-outline-variant)",
  "--cngx-color-on-primary": "var(--mat-sys-on-primary)",
  "--cngx-color-primary": "var(--mat-sys-primary)",
  "--cngx-color-surface": "var(--mat-sys-surface)",
  "--cngx-mat-tab-error-color": "var(--mat-sys-error)",
  "--cngx-mat-tab-has-errors-color": "var(--mat-sys-error)",
  "--cngx-mat-tab-has-errors-glyph-color": "var(--mat-sys-on-error)",
  "--cngx-mat-tabs-more-bg": "var(--mat-sys-surface)",
  "--cngx-tab-active-color": "var(--mat-sys-primary)",
  "--cngx-tab-busy-spinner-color": "var(--mat-sys-primary)",
  "--cngx-tab-color": "var(--mat-sys-on-surface-variant)",
  "--cngx-tab-error-badge-color": "var(--mat-sys-error)",
  "--cngx-tab-error-badge-font-size": "var(--mat-sys-label-small-size)",
  "--cngx-tab-error-badge-font-weight": "var(--mat-sys-label-small-weight)",
  "--cngx-tab-error-badge-text-color": "var(--mat-sys-on-error)",
  "--cngx-tab-gap": "0.5rem",
  "--cngx-tab-hover-color": "var(--mat-sys-on-surface)",
  "--cngx-tab-overflow-item-active-bg": "color-mix(in srgb, var(--mat-sys-on-surface) 12%, transparent)",
  "--cngx-tab-overflow-item-active-outline": "2px solid var(--mat-sys-primary)",
  "--cngx-tab-overflow-item-hover-bg": "color-mix(in srgb, var(--mat-sys-on-surface) 8%, transparent)",
  "--cngx-tab-overflow-item-padding": "0.5rem 1rem",
  "--cngx-tab-overflow-popover-bg": "var(--mat-sys-surface-container)",
  "--cngx-tab-overflow-popover-border": "0",
  "--cngx-tab-overflow-popover-padding": "0.5rem 0",
  "--cngx-tab-overflow-popover-radius": "var(--mat-sys-corner-extra-small, 4px)",
  "--cngx-tab-padding": "0.5rem 0.75rem",
  "--cngx-tab-rejected-bg": "color-mix(in oklab, var(--mat-sys-error) 12%, transparent)",
  "--cngx-tab-rejection-icon-color": "var(--mat-sys-error)",
  "--cngx-tab-rejection-icon-font-size": "var(--mat-sys-label-small-size)",
  "--cngx-tab-rejection-icon-text": "var(--mat-sys-on-error)",
  "--cngx-tab-strip-padding": "0.5rem 0",
}
`;
